// Jest Snapshot v1, https://goo.gl/fbAQLP

exports[`TextWidget renders an empty hidden view widget component 1`] = `null`;
