// Jest Snapshot v1, https://goo.gl/fbAQLP

exports[`ModerateComments renders a moderate comments component 1`] = `
<div>
  <div
    id="page-moderate-comments"
  >
    <div
      id="modal"
    />
    <div
      class="ui container"
    >
      <div
        class="ui raised segments"
      >
        <div
          class="ui segment primary"
        >
          Moderate comments
        </div>
        <div
          class="ui segment moderate-comments-content"
        >
          <table
            class="ui single line striped compact table"
          >
            <thead
              class=""
            >
              <tr
                class=""
              >
                <th
                  class=""
                >
                  Commenter
                </th>
                <th
                  class=""
                >
                  Date
                </th>
                <th
                  class=""
                >
                  Comment
                </th>
                <th
                  class=""
                >
                  Action
                </th>
              </tr>
            </thead>
            <tbody
              class=""
            />
          </table>
        </div>
      </div>
    </div>
  </div>
  <div
    id="toolbar"
  >
    <div
      id="Portal"
    />
  </div>
</div>
`;
