// Jest Snapshot v1, https://goo.gl/fbAQLP

exports[`UndoControlpanel renders undo controlpanel component 1`] = `
<div>
  <div
    class="ui container controlpanel-undo"
    id="page-undo"
  >
    <div
      class="ui raised segments"
    >
      <div
        class="ui segment primary"
      >
        Undo Controlpanel
      </div>
      <div
        class="ui segment"
      >
        <div
          data-schema="{
  \\"fieldsets\\": [
    {
      \\"id\\": \\"default\\",
      \\"title\\": \\"Default\\",
      \\"fields\\": [
        \\"filterTypes\\"
      ]
    }
  ],
  \\"properties\\": {
    \\"filterTypes\\": {
      \\"title\\": \\"Filter transactions by\\",
      \\"description\\": \\"Filter transactions by User, Path or Date\\",
      \\"type\\": \\"string\\",
      \\"choices\\": [
        [
          \\"user\\",
          \\"Username\\"
        ],
        [
          \\"path\\",
          \\"Path\\"
        ],
        [
          \\"date\\",
          \\"Date\\"
        ]
      ]
    },
    \\"filterByUsername\\": {
      \\"title\\": \\"Enter Username\\",
      \\"type\\": \\"string\\"
    },
    \\"filterByPath\\": {
      \\"title\\": \\"Enter Path\\",
      \\"type\\": \\"string\\"
    },
    \\"filterByDate\\": {
      \\"title\\": \\"Enter Date and time\\",
      \\"type\\": \\"date\\"
    }
  },
  \\"required\\": []
}"
          id="Form"
        />
      </div>
      <div
        class="ui raised segments"
      >
        <div
          class="ui segment primary"
        >
          Transactions
        </div>
        <table
          class="ui celled fixed selectable single line attached compact table"
        >
          <thead
            class=""
          >
            <tr
              class=""
            >
              <th
                class="center aligned one wide"
                style="width: 40px;"
              >
                #
              </th>
              <th
                class="eight wide"
              >
                What
              </th>
              <th
                class="one wide"
              >
                Who
              </th>
              <th
                class="two wide"
              >
                When
              </th>
              <th
                class="one wide"
              >
                Note
              </th>
              <th
                class=""
              />
            </tr>
          </thead>
          <tbody
            class=""
          >
            <tr
              class=""
              id="QStrR0RRc0M5TjA9"
            >
              <td
                class="center aligned one wide"
              >
                <div
                  class="ui fitted checkbox"
                >
                  <input
                    class="hidden"
                    readonly=""
                    tabindex="0"
                    type="checkbox"
                    value=""
                  />
                  <label />
                </div>
              </td>
              <td
                class="eight wide"
                title="Added default view for root object"
              >
                <div>
                  Added
                </div>
                <div
                  style="font-style: italic; color: rgb(135, 143, 147);"
                >
                  default
                </div>
                <div
                  style="font-style: italic; color: rgb(135, 143, 147);"
                >
                  view
                </div>
                <div
                  style="font-style: italic; color: rgb(135, 143, 147);"
                >
                  for
                </div>
                <div
                  style="font-style: italic; color: rgb(135, 143, 147);"
                >
                  root
                </div>
                <div
                  style="font-style: italic; color: rgb(135, 143, 147);"
                >
                  object
                </div>
              </td>
              <td
                class="one wide"
                title="Zope"
              >
                Zope
              </td>
              <td
                class="two wide"
              >
                <time
                  datetime="2022-06-19T22:15:02"
                  title="Sunday, June 19, 2022 at 10:15 PM"
                >
                  Jun 19, 2022, 10:15:02 PM
                </time>
              </td>
              <td
                class="one wide"
              />
            </tr>
            <tr
              class=""
              id="QStrR0RRcTVrbFU9"
            >
              <td
                class="center aligned one wide"
              >
                <div
                  class="ui fitted checkbox"
                >
                  <input
                    class="hidden"
                    readonly=""
                    tabindex="0"
                    type="checkbox"
                    value=""
                  />
                  <label />
                </div>
              </td>
              <td
                class="eight wide"
                title="Added virtual_hosting"
              >
                <div>
                  Added
                </div>
                <div
                  style="font-style: italic; color: rgb(135, 143, 147);"
                >
                  virtual_hosting
                </div>
              </td>
              <td
                class="one wide"
                title="Zope"
              >
                Zope
              </td>
              <td
                class="two wide"
              >
                <time
                  datetime="2022-06-19T22:15:02"
                  title="Sunday, June 19, 2022 at 10:15 PM"
                >
                  Jun 19, 2022, 10:15:02 PM
                </time>
              </td>
              <td
                class="one wide"
              />
            </tr>
            <tr
              class=""
              id="QStrR0RRcVh4cGs9"
            >
              <td
                class="center aligned one wide"
              >
                <div
                  class="ui fitted checkbox"
                >
                  <input
                    class="hidden"
                    readonly=""
                    tabindex="0"
                    type="checkbox"
                    value=""
                  />
                  <label />
                </div>
              </td>
              <td
                class="eight wide"
                title="Added site error_log at /error_log"
              >
                <div>
                  Added
                </div>
                <div
                  style="font-style: italic; color: rgb(135, 143, 147);"
                >
                  site
                </div>
                <div
                  style="font-style: italic; color: rgb(135, 143, 147);"
                >
                  error_log
                </div>
                <div
                  style="font-style: italic; color: rgb(135, 143, 147);"
                >
                  at
                </div>
                <div
                  style="font-style: italic; color: rgb(135, 143, 147);"
                >
                  /error_log
                </div>
              </td>
              <td
                class="one wide"
                title="Zope"
              >
                Zope
              </td>
              <td
                class="two wide"
              >
                <time
                  datetime="2022-06-19T22:15:02"
                  title="Sunday, June 19, 2022 at 10:15 PM"
                >
                  Jun 19, 2022, 10:15:02 PM
                </time>
              </td>
              <td
                class="one wide"
              />
            </tr>
            <tr
              class=""
              id="QStrR0RRcDlFaUk9"
            >
              <td
                class="center aligned one wide"
              >
                <div
                  class="ui fitted checkbox"
                >
                  <input
                    class="hidden"
                    readonly=""
                    tabindex="0"
                    type="checkbox"
                    value=""
                  />
                  <label />
                </div>
              </td>
              <td
                class="eight wide"
                title="Added session_data_manager"
              >
                <div>
                  Added
                </div>
                <div
                  style="font-style: italic; color: rgb(135, 143, 147);"
                >
                  session_data_manager
                </div>
              </td>
              <td
                class="one wide"
                title="Zope"
              >
                Zope
              </td>
              <td
                class="two wide"
              >
                <time
                  datetime="2022-06-19T22:15:02"
                  title="Sunday, June 19, 2022 at 10:15 PM"
                >
                  Jun 19, 2022, 10:15:02 PM
                </time>
              </td>
              <td
                class="one wide"
              />
            </tr>
            <tr
              class=""
              id="QStrR0RRcFU2KzQ9"
            >
              <td
                class="center aligned one wide"
              >
                <div
                  class="ui fitted checkbox"
                >
                  <input
                    class="hidden"
                    readonly=""
                    tabindex="0"
                    type="checkbox"
                    value=""
                  />
                  <label />
                </div>
              </td>
              <td
                class="eight wide"
                title="Added browser_id_manager"
              >
                <div>
                  Added
                </div>
                <div
                  style="font-style: italic; color: rgb(135, 143, 147);"
                >
                  browser_id_manager
                </div>
              </td>
              <td
                class="one wide"
                title="Zope"
              >
                Zope
              </td>
              <td
                class="two wide"
              >
                <time
                  datetime="2022-06-19T22:15:02"
                  title="Sunday, June 19, 2022 at 10:15 PM"
                >
                  Jun 19, 2022, 10:15:02 PM
                </time>
              </td>
              <td
                class="one wide"
              />
            </tr>
            <tr
              class=""
              id="QStrR0RRbUkzKzQ9"
            >
              <td
                class="center aligned one wide"
              >
                <div
                  class="ui fitted checkbox"
                >
                  <input
                    class="hidden"
                    readonly=""
                    tabindex="0"
                    type="checkbox"
                    value=""
                  />
                  <label />
                </div>
              </td>
              <td
                class="eight wide"
                title="Created initial user"
              >
                <div>
                  Created
                </div>
                <div
                  style="font-style: italic; color: rgb(135, 143, 147);"
                >
                  initial
                </div>
                <div
                  style="font-style: italic; color: rgb(135, 143, 147);"
                >
                  user
                </div>
              </td>
              <td
                class="one wide"
                title="Zope"
              >
                Zope
              </td>
              <td
                class="two wide"
              >
                <time
                  datetime="2022-06-19T22:15:02"
                  title="Sunday, June 19, 2022 at 10:15 PM"
                >
                  Jun 19, 2022, 10:15:02 PM
                </time>
              </td>
              <td
                class="one wide"
              />
            </tr>
            <tr
              class=""
              id="QStrR0RRbEVVa1E9"
            >
              <td
                class="center aligned one wide"
              >
                <div
                  class="ui fitted checkbox"
                >
                  <input
                    class="hidden"
                    readonly=""
                    tabindex="0"
                    type="checkbox"
                    value=""
                  />
                  <label />
                </div>
              </td>
              <td
                class="eight wide"
                title=""
              >
                <div />
              </td>
              <td
                class="one wide"
                title="Zope"
              >
                Zope
              </td>
              <td
                class="two wide"
              >
                <time
                  datetime="2022-06-19T22:15:02"
                  title="Sunday, June 19, 2022 at 10:15 PM"
                >
                  Jun 19, 2022, 10:15:02 PM
                </time>
              </td>
              <td
                class="one wide"
              />
            </tr>
            <tr
              class=""
              id="QStrR0ROWlo5YW89"
            >
              <td
                class="center aligned one wide"
              >
                <div
                  class="ui fitted checkbox"
                >
                  <input
                    class="hidden"
                    readonly=""
                    tabindex="0"
                    type="checkbox"
                    value=""
                  />
                  <label />
                </div>
              </td>
              <td
                class="eight wide"
                title="initial database creation"
              >
                <div>
                  initial
                </div>
                <div
                  style="font-style: italic; color: rgb(135, 143, 147);"
                >
                  database
                </div>
                <div
                  style="font-style: italic; color: rgb(135, 143, 147);"
                >
                  creation
                </div>
              </td>
              <td
                class="one wide"
                title="Zope"
              >
                Zope
              </td>
              <td
                class="two wide"
              >
                <time
                  datetime="2022-06-19T22:14:50"
                  title="Sunday, June 19, 2022 at 10:14 PM"
                >
                  Jun 19, 2022, 10:14:50 PM
                </time>
              </td>
              <td
                class="one wide"
              />
            </tr>
          </tbody>
          <tfoot
            class=""
          >
            <tr
              class=""
            >
              <th
                class="center aligned"
                colspan="6"
              >
                <div
                  class="ui pagination menu"
                >
                  <button
                    class="disabled icon item"
                    title="Undo"
                  >
                    <svg
                      class="icon circled"
                      id="undo-button"
                      style="height: 30px; width: auto; fill: currentColor;"
                      viewBox=""
                      xmlns=""
                    >
                      <title>
                        Undo
                      </title>
                      undefined
                    </svg>
                  </button>
                  <button
                    class="icon item"
                    id="next-button"
                    title="Next page"
                  >
                    <div
                      style="width: 36px;"
                    />
                  </button>
                </div>
              </th>
            </tr>
          </tfoot>
        </table>
      </div>
    </div>
  </div>
  <div
    id="toolbar"
  >
    <div
      id="Portal"
    />
  </div>
</div>
`;
